// Jest Snapshot v1, https://goo.gl/fbAQLP

exports[`<App /> Renders StoriesContainer 1`] = `
<div>
  <div>
    Loading...
  </div>
</div>
`;

exports[`<App /> Renders StoriesContainer 2`] = `
<div>
  <div>
    Loading...
  </div>
</div>
`;

exports[`<App /> Request data match test 1`] = `Promise {}`;
